{
  "version": "1.5.0",
  "plugins_used": [
    {
      "name": "ArtifactoryDetector"
    },
    {
      "name": "AWSKeyDetector"
    },
    {
      "name": "AzureStorageKeyDetector"
    },
    {
      "name": "Base64HighEntropyString",
      "limit": 4.5
    },
    {
      "name": "BasicAuthDetector"
    },
    {
      "name": "CloudantDetector"
    },
    {
      "name": "DiscordBotTokenDetector"
    },
    {
      "name": "GitHubTokenDetector"
    },
    {
      "name": "HexHighEntropyString",
      "limit": 3.0
    },
    {
      "name": "IbmCloudIamDetector"
    },
    {
      "name": "IbmCosHmacDetector"
    },
    {
      "name": "JwtTokenDetector"
    },
    {
      "name": "KeywordDetector",
      "keyword_exclude": ""
    },
    {
      "name": "MailchimpDetector"
    },
    {
      "name": "NpmDetector"
    },
    {
      "name": "PrivateKeyDetector"
    },
    {
      "name": "SendGridDetector"
    },
    {
      "name": "SlackDetector"
    },
    {
      "name": "SoftlayerDetector"
    },
    {
      "name": "SquareOAuthDetector"
    },
    {
      "name": "StripeDetector"
    },
    {
      "name": "TwilioKeyDetector"
    }
  ],
  "filters_used": [
    {
      "path": "detect_secrets.filters.allowlist.is_line_allowlisted"
    },
    {
      "path": "detect_secrets.filters.common.is_baseline_file",
      "filename": ".secrets.baseline"
    },
    {
      "path": "detect_secrets.filters.common.is_ignored_due_to_verification_policies",
      "min_level": 2
    },
    {
      "path": "detect_secrets.filters.heuristic.is_indirect_reference"
    },
    {
      "path": "detect_secrets.filters.heuristic.is_likely_id_string"
    },
    {
      "path": "detect_secrets.filters.heuristic.is_lock_file"
    },
    {
      "path": "detect_secrets.filters.heuristic.is_not_alphanumeric_string"
    },
    {
      "path": "detect_secrets.filters.heuristic.is_potential_uuid"
    },
    {
      "path": "detect_secrets.filters.heuristic.is_prefixed_with_dollar_sign"
    },
    {
      "path": "detect_secrets.filters.heuristic.is_sequential_string"
    },
    {
      "path": "detect_secrets.filters.heuristic.is_swagger_file"
    },
    {
      "path": "detect_secrets.filters.heuristic.is_templated_secret"
    }
  ],
  "results": {
    "docs/security-cicd.md": [
      {
        "type": "AWS Access Key",
        "filename": "docs/security-cicd.md",
        "hashed_secret": "25910f981e85ca04baf359199dd0bd4a3ae738b6",
        "is_verified": false,
        "line_number": 257
      }
    ],
    "examples/demo.py": [
      {
        "type": "GitHub Token",
        "filename": "examples/demo.py",
        "hashed_secret": "e175c6f5f2a92e8623bd9a4820edb4e8c1b0fd10",
        "is_verified": false,
        "line_number": 69
      },
      {
        "type": "AWS Access Key",
        "filename": "examples/demo.py",
        "hashed_secret": "25910f981e85ca04baf359199dd0bd4a3ae738b6",
        "is_verified": false,
        "line_number": 96
      },
      {
        "type": "JSON Web Token",
        "filename": "examples/demo.py",
        "hashed_secret": "34c659f4df06118f5bc39edc355b4542851ad3f6",
        "is_verified": false,
        "line_number": 98
      }
    ],
    "src/core/detector.py": [
      {
        "type": "AWS Access Key",
        "filename": "src/core/detector.py",
        "hashed_secret": "25910f981e85ca04baf359199dd0bd4a3ae738b6",
        "is_verified": false,
        "line_number": 349
      }
    ],
    "src/core/entropy.py": [
      {
        "type": "AWS Access Key",
        "filename": "src/core/entropy.py",
        "hashed_secret": "25910f981e85ca04baf359199dd0bd4a3ae738b6",
        "is_verified": false,
        "line_number": 29
      },
      {
        "type": "Base64 High Entropy String",
        "filename": "src/core/entropy.py",
        "hashed_secret": "d70eab08607a4d05faa2d0d6647206599e9abc65",
        "is_verified": false,
        "line_number": 67
      }
    ],
    "src/core/validator.py": [
      {
        "type": "AWS Access Key",
        "filename": "src/core/validator.py",
        "hashed_secret": "25910f981e85ca04baf359199dd0bd4a3ae738b6",
        "is_verified": false,
        "line_number": 63
      },
      {
        "type": "GitHub Token",
        "filename": "src/core/validator.py",
        "hashed_secret": "e175c6f5f2a92e8623bd9a4820edb4e8c1b0fd10",
        "is_verified": false,
        "line_number": 99
      },
      {
        "type": "Base64 High Entropy String",
        "filename": "src/core/validator.py",
        "hashed_secret": "ff710f15aabf3e96e11af9b0bfc454eb30a5031d",
        "is_verified": false,
        "line_number": 99
      }
    ],
    "src/utils/constants.py": [
      {
        "type": "Secret Keyword",
        "filename": "src/utils/constants.py",
        "hashed_secret": "584f3ae6b03df2f5d377bef9ee65ad0e967fd509",
        "is_verified": false,
        "line_number": 29
      },
      {
        "type": "Secret Keyword",
        "filename": "src/utils/constants.py",
        "hashed_secret": "91dbc0fd3d415dc482cb6890950a28972aed862e",
        "is_verified": false,
        "line_number": 33
      },
      {
        "type": "Secret Keyword",
        "filename": "src/utils/constants.py",
        "hashed_secret": "26eae588d0859648be8edcf9cd2cf19bbdfacd43",
        "is_verified": false,
        "line_number": 34
      }
    ],
    "tests/conftest.py": [
      {
        "type": "AWS Access Key",
        "filename": "tests/conftest.py",
        "hashed_secret": "25910f981e85ca04baf359199dd0bd4a3ae738b6",
        "is_verified": false,
        "line_number": 19
      },
      {
        "type": "Base64 High Entropy String",
        "filename": "tests/conftest.py",
        "hashed_secret": "d70eab08607a4d05faa2d0d6647206599e9abc65",
        "is_verified": false,
        "line_number": 25
      },
      {
        "type": "Base64 High Entropy String",
        "filename": "tests/conftest.py",
        "hashed_secret": "15c63300d2b8cac079a881f69c103a4d9c57f6c3",
        "is_verified": false,
        "line_number": 31
      },
      {
        "type": "GitHub Token",
        "filename": "tests/conftest.py",
        "hashed_secret": "e175c6f5f2a92e8623bd9a4820edb4e8c1b0fd10",
        "is_verified": false,
        "line_number": 31
      },
      {
        "type": "JSON Web Token",
        "filename": "tests/conftest.py",
        "hashed_secret": "34c659f4df06118f5bc39edc355b4542851ad3f6",
        "is_verified": false,
        "line_number": 49
      }
    ],
    "tests/unit/test_detector.py": [
      {
        "type": "Hex High Entropy String",
        "filename": "tests/unit/test_detector.py",
        "hashed_secret": "25610fefee56f3d3f51b15c81bce4214f2fae9ce",
        "is_verified": false,
        "line_number": 114
      },
      {
        "type": "GitHub Token",
        "filename": "tests/unit/test_detector.py",
        "hashed_secret": "e175c6f5f2a92e8623bd9a4820edb4e8c1b0fd10",
        "is_verified": false,
        "line_number": 158
      }
    ],
    "tests/unit/test_entropy.py": [
      {
        "type": "Hex High Entropy String",
        "filename": "tests/unit/test_entropy.py",
        "hashed_secret": "25610fefee56f3d3f51b15c81bce4214f2fae9ce",
        "is_verified": false,
        "line_number": 61
      }
    ],
    "tests/unit/test_validator.py": [
      {
        "type": "AWS Access Key",
        "filename": "tests/unit/test_validator.py",
        "hashed_secret": "25910f981e85ca04baf359199dd0bd4a3ae738b6",
        "is_verified": false,
        "line_number": 54
      },
      {
        "type": "Base64 High Entropy String",
        "filename": "tests/unit/test_validator.py",
        "hashed_secret": "15c63300d2b8cac079a881f69c103a4d9c57f6c3",
        "is_verified": false,
        "line_number": 91
      },
      {
        "type": "GitHub Token",
        "filename": "tests/unit/test_validator.py",
        "hashed_secret": "e175c6f5f2a92e8623bd9a4820edb4e8c1b0fd10",
        "is_verified": false,
        "line_number": 91
      },
      {
        "type": "Base64 High Entropy String",
        "filename": "tests/unit/test_validator.py",
        "hashed_secret": "79bc09a3f0bd7936cd26a3dcf53b966c3addb08f",
        "is_verified": false,
        "line_number": 95
      },
      {
        "type": "GitHub Token",
        "filename": "tests/unit/test_validator.py",
        "hashed_secret": "ba29d6bfac4cd7b866a3d05103c38031a921ba88",
        "is_verified": false,
        "line_number": 95
      },
      {
        "type": "Base64 High Entropy String",
        "filename": "tests/unit/test_validator.py",
        "hashed_secret": "100a7a6f13e8f9a5907f393761407b9863a91d4e",
        "is_verified": false,
        "line_number": 99
      },
      {
        "type": "GitHub Token",
        "filename": "tests/unit/test_validator.py",
        "hashed_secret": "e4055de792e64bf8433b9c794f2611cb65f4c487",
        "is_verified": false,
        "line_number": 99
      },
      {
        "type": "Base64 High Entropy String",
        "filename": "tests/unit/test_validator.py",
        "hashed_secret": "934f229392eeda88ad02744df579a6d3ad618762",
        "is_verified": false,
        "line_number": 103
      },
      {
        "type": "Base64 High Entropy String",
        "filename": "tests/unit/test_validator.py",
        "hashed_secret": "67081183fc24604880f1b379a17aaedbafa4aabd",
        "is_verified": false,
        "line_number": 115
      },
      {
        "type": "JSON Web Token",
        "filename": "tests/unit/test_validator.py",
        "hashed_secret": "34c659f4df06118f5bc39edc355b4542851ad3f6",
        "is_verified": false,
        "line_number": 123
      }
    ]
  },
  "generated_at": "2026-01-31T14:16:17Z"
}
